src/components/print-engine.tsx(452,11): error TS2322: Type '{ outlineStyle?: "solid" | "double" | "dashed" | "ornate" | undefined; outlineColor?: string | undefined; outlineWidth?: string | undefined; fontFamily: "serif" | "sans-serif" | "monospace" | "Cairo, sans-serif"; color: string; }' is not assignable to type 'CSSProperties'.
  Types of property 'outlineStyle' are incompatible.
    Type '"solid" | "double" | "dashed" | "ornate" | undefined' is not assignable to type 'OutlineStyle | undefined'.
      Type '"ornate"' is not assignable to type 'OutlineStyle | undefined'.
src/routes/academic.assignments.tsx(228,45): error TS2304: Cannot find name 'getStageLabel'.
src/routes/hr.staff.index.tsx(42,14): error TS2345: Argument of type '{ stage: "kindergarten" | "primary" | "middle" | "high" | "all"; name: string; status: "active" | "on_leave" | "resigned"; role: string; department: string; }' is not assignable to parameter of type 'Omit<Staff, "id">'.
  Types of property 'status' are incompatible.
    Type '"active" | "on_leave" | "resigned"' is not assignable to type '"active" | "on_leave" | "terminated"'.
      Type '"resigned"' is not assignable to type '"active" | "on_leave" | "terminated"'.
src/routes/students.index.tsx(51,9): error TS2322: Type '({ id: string; name: string; category: string; type: "table"; description: string; data: { "\u0631\u0642\u0645 \u0627\u0644\u0642\u064A\u062F": string; "\u0627\u0633\u0645 \u0627\u0644\u0637\u0627\u0644\u0628": string; ╪º┘ä╪╡┘ü: string; ╪º┘ä╪┤╪╣╪¿╪⌐: string; "\u062D\u0627\u0644\u0629 \u0627\u0644\u0642\u064A\u062F": "┘å╪┤╪╖" | "...' is not assignable to type 'PrintTemplate[]'.
  Type '{ id: string; name: string; category: string; type: "table"; description: string; data: { "\u0631\u0642\u0645 \u0627\u0644\u0642\u064A\u062F": string; "\u0627\u0633\u0645 \u0627\u0644\u0637\u0627\u0644\u0628": string; ╪º┘ä╪╡┘ü: string; ╪º┘ä╪┤╪╣╪¿╪⌐: string; "\u062D\u0627\u0644\u0629 \u0627\u0644\u0642\u064A\u062F": "┘å╪┤╪╖" | "┘à...' is not assignable to type 'PrintTemplate'.
    Type '{ id: string; name: string; type: "document"; description: string; renderDocument: () => JSX.Element; category?: undefined; data?: undefined; }' is not assignable to type 'PrintTemplate'.
      Types of property 'category' are incompatible.
        Type 'undefined' is not assignable to type 'string'.
